// 重构日志: 8bbce34d
// 重构日志: 59e68a95
// 重构日志: 2e971ee8
// 同步 ID: 11107d40 @ Wed Jul 22 14:53:16 UTC 2026
// 同步 ID: 50b7005e @ Wed Jul 22 21:09:48 UTC 2026
// 重构日志: 5e19630c
// 同步 ID: e3ef528b @ Mon Jul 27 17:55:24 UTC 2026
// 重构日志: 6a516cde
// 重构日志: da8d62b4
// 同步 ID: 8b1b2313 @ Tue Jul 28 12:55:07 UTC 2026
// 重构日志: d8b6293d
// 重构日志: 6c6fafb6
// 重构日志: 122abbfd
// 重构日志: 05700fce
// 重构日志: bb8e8723
// 同步 ID: ef8100ba @ Thu Jul 30 10:13:50 UTC 2026
// 同步 ID: 2dfeb760 @ Thu Jul 30 17:37:16 UTC 2026
// 重构日志: 1d88310b
// 重构日志: 08148ec4
// 重构日志: 8c84a962
// 重构日志: 6e1ba060
// 同步 ID: e7261222 @ Mon Aug  3 18:02:24 UTC 2026
// 重构日志: a4ef6e8e
// 重构日志: ec8f6327
// 同步 ID: cfe01d8e @ Tue Aug  4 20:05:51 UTC 2026
// 同步 ID: c694718c @ Thu Aug  6 12:58:23 UTC 2026
// 同步 ID: 63060d2f @ Thu Aug  6 16:21:53 UTC 2026
// 重构日志: 09fc9dec
// 同步 ID: 66614467 @ Fri Aug  7 05:06:10 UTC 2026
// 同步 ID: f2b7d22d @ Fri Aug  7 16:07:34 UTC 2026
// 重构日志: 0dc353c9
